[2026-02-17 00:06:56 +0000] [1] [INFO] Starting gunicorn 25.1.0
[2026-02-17 00:06:56 +0000] [1] [INFO] Listening at: http://0.0.0.0:5000 (1)
[2026-02-17 00:06:56 +0000] [1] [INFO] Using worker: sync
[2026-02-17 00:06:57 +0000] [8] [INFO] Booting worker with pid: 8
[2026-02-17 00:06:57 +0000] [1] [INFO] Control socket listening at /home/devops/app/gunicorn.ctl
[2026-02-17 00:08:55 +0000] [1] [INFO] Starting gunicorn 25.1.0
[2026-02-17 00:08:55 +0000] [1] [INFO] Listening at: http://0.0.0.0:5000 (1)
[2026-02-17 00:08:55 +0000] [1] [INFO] Using worker: sync
[2026-02-17 00:08:55 +0000] [8] [INFO] Booting worker with pid: 8
[2026-02-17 00:08:55 +0000] [1] [INFO] Control socket listening at /home/devops/app/gunicorn.ctl
[2026-02-19 12:34:40 +0000] [1] [INFO] Starting gunicorn 25.1.0
[2026-02-19 12:34:40 +0000] [1] [INFO] Listening at: http://0.0.0.0:5000 (1)
[2026-02-19 12:34:40 +0000] [1] [INFO] Using worker: sync
[2026-02-19 12:34:41 +0000] [1] [INFO] Control socket listening at /home/devops/app/gunicorn.ctl
[2026-02-19 12:34:41 +0000] [8] [INFO] Booting worker with pid: 8
[2026-02-19 13:55:59 +0000] [1] [INFO] Handling signal: term
[2026-02-19 13:55:59 +0000] [8] [INFO] Worker exiting (pid: 8)
[2026-02-19 13:56:02 +0000] [1] [INFO] Shutting down: Master
[2026-02-19 13:56:19 +0000] [1] [INFO] Starting gunicorn 25.1.0
[2026-02-19 13:56:19 +0000] [1] [INFO] Listening at: http://0.0.0.0:5000 (1)
[2026-02-19 13:56:19 +0000] [1] [INFO] Using worker: sync
[2026-02-19 13:56:20 +0000] [1] [INFO] Control socket listening at /home/devops/app/gunicorn.ctl
[2026-02-19 13:56:20 +0000] [8] [INFO] Booting worker with pid: 8
[2026-02-19 13:56:44 +0000] [1] [INFO] Handling signal: term
[2026-02-19 13:56:44 +0000] [8] [INFO] Worker exiting (pid: 8)
[2026-02-19 13:56:45 +0000] [1] [INFO] Shutting down: Master
[2026-02-19 13:56:46 +0000] [1] [INFO] Starting gunicorn 25.1.0
[2026-02-19 13:56:46 +0000] [1] [INFO] Listening at: http://0.0.0.0:5000 (1)
[2026-02-19 13:56:46 +0000] [1] [INFO] Using worker: sync
[2026-02-19 13:56:46 +0000] [8] [INFO] Booting worker with pid: 8
[2026-02-19 13:56:46 +0000] [1] [INFO] Control socket listening at /home/devops/app/gunicorn.ctl
[2026-02-19 13:56:55 +0000] [1] [INFO] Handling signal: term
[2026-02-19 13:56:55 +0000] [8] [INFO] Worker exiting (pid: 8)
[2026-02-19 13:56:55 +0000] [1] [INFO] Shutting down: Master
[2026-02-19 13:57:11 +0000] [1] [INFO] Starting gunicorn 25.1.0
[2026-02-19 13:57:11 +0000] [1] [INFO] Listening at: http://0.0.0.0:5000 (1)
[2026-02-19 13:57:11 +0000] [1] [INFO] Using worker: sync
[2026-02-19 13:57:12 +0000] [8] [INFO] Booting worker with pid: 8
[2026-02-19 13:57:12 +0000] [1] [INFO] Control socket listening at /home/devops/app/gunicorn.ctl
[2026-02-19 14:10:59 +0000] [1] [INFO] Handling signal: term
[2026-02-19 14:10:59 +0000] [8] [INFO] Worker exiting (pid: 8)
[2026-02-19 14:11:01 +0000] [1] [INFO] Shutting down: Master
[2026-02-19 14:12:20 +0000] [1] [INFO] Starting gunicorn 25.1.0
[2026-02-19 14:12:20 +0000] [1] [INFO] Listening at: http://0.0.0.0:5000 (1)
[2026-02-19 14:12:20 +0000] [1] [INFO] Using worker: sync
[2026-02-19 14:12:20 +0000] [1] [INFO] Control socket listening at /home/devops/app/gunicorn.ctl
[2026-02-19 14:12:20 +0000] [8] [INFO] Booting worker with pid: 8
[2026-02-19 14:12:46 +0000] [1] [INFO] Handling signal: term
[2026-02-19 14:12:46 +0000] [8] [INFO] Worker exiting (pid: 8)
[2026-02-19 14:12:47 +0000] [1] [INFO] Shutting down: Master
[2026-02-19 14:12:50 +0000] [1] [INFO] Starting gunicorn 25.1.0
[2026-02-19 14:12:50 +0000] [1] [INFO] Listening at: http://0.0.0.0:5000 (1)
[2026-02-19 14:12:50 +0000] [1] [INFO] Using worker: sync
[2026-02-19 14:12:50 +0000] [8] [INFO] Booting worker with pid: 8
[2026-02-19 14:12:50 +0000] [1] [INFO] Control socket listening at /home/devops/app/gunicorn.ctl
[2026-02-19 14:15:21 +0000] [1] [INFO] Handling signal: term
[2026-02-19 14:15:21 +0000] [8] [INFO] Worker exiting (pid: 8)
[2026-02-19 14:15:21 +0000] [1] [INFO] Shutting down: Master
[2026-02-19 14:15:25 +0000] [1] [INFO] Starting gunicorn 25.1.0
[2026-02-19 14:15:25 +0000] [1] [INFO] Listening at: http://0.0.0.0:5000 (1)
[2026-02-19 14:15:25 +0000] [1] [INFO] Using worker: sync
[2026-02-19 14:15:25 +0000] [1] [INFO] Control socket listening at /home/devops/app/gunicorn.ctl
[2026-02-19 14:15:25 +0000] [8] [INFO] Booting worker with pid: 8
[2026-02-19 14:17:04 +0000] [1] [INFO] Handling signal: term
[2026-02-19 14:17:04 +0000] [8] [INFO] Worker exiting (pid: 8)
[2026-02-19 14:17:04 +0000] [1] [INFO] Shutting down: Master
[2026-02-19 14:17:14 +0000] [1] [INFO] Starting gunicorn 25.1.0
[2026-02-19 14:17:14 +0000] [1] [INFO] Listening at: http://0.0.0.0:5000 (1)
[2026-02-19 14:17:14 +0000] [1] [INFO] Using worker: sync
[2026-02-19 14:17:14 +0000] [8] [INFO] Booting worker with pid: 8
[2026-02-19 14:17:14 +0000] [1] [INFO] Control socket listening at /home/devops/app/gunicorn.ctl
[2026-02-19 14:17:23 +0000] [1] [INFO] Starting gunicorn 25.1.0
[2026-02-19 14:17:23 +0000] [1] [INFO] Listening at: http://0.0.0.0:5000 (1)
[2026-02-19 14:17:23 +0000] [1] [INFO] Using worker: sync
[2026-02-19 14:17:23 +0000] [1] [INFO] Control socket listening at /home/devops/app/gunicorn.ctl
[2026-02-19 14:17:23 +0000] [8] [INFO] Booting worker with pid: 8
[2026-02-19 14:17:24 +0000] [1] [INFO] Starting gunicorn 25.1.0
[2026-02-19 14:17:24 +0000] [1] [INFO] Listening at: http://0.0.0.0:5000 (1)
[2026-02-19 14:17:24 +0000] [1] [INFO] Using worker: sync
[2026-02-19 14:17:24 +0000] [8] [INFO] Booting worker with pid: 8
[2026-02-19 14:17:24 +0000] [1] [INFO] Control socket listening at /home/devops/app/gunicorn.ctl
[2026-02-19 14:17:49 +0000] [1] [INFO] Handling signal: term
[2026-02-19 14:17:49 +0000] [8] [INFO] Worker exiting (pid: 8)
[2026-02-19 14:17:49 +0000] [1] [INFO] Handling signal: term
[2026-02-19 14:17:49 +0000] [8] [INFO] Worker exiting (pid: 8)
[2026-02-19 14:17:49 +0000] [1] [INFO] Handling signal: term
[2026-02-19 14:17:49 +0000] [8] [INFO] Worker exiting (pid: 8)
[2026-02-19 14:17:49 +0000] [1] [INFO] Shutting down: Master
[2026-02-19 14:17:49 +0000] [1] [INFO] Shutting down: Master
[2026-02-19 14:17:49 +0000] [1] [INFO] Shutting down: Master
[2026-02-19 14:21:50 +0000] [1] [INFO] Starting gunicorn 25.1.0
[2026-02-19 14:21:50 +0000] [1] [INFO] Listening at: http://0.0.0.0:5000 (1)
[2026-02-19 14:21:50 +0000] [1] [INFO] Using worker: sync
[2026-02-19 14:21:51 +0000] [8] [INFO] Booting worker with pid: 8
[2026-02-19 14:21:51 +0000] [1] [INFO] Control socket listening at /home/devops/app/gunicorn.ctl
[2026-02-19 13:27:18 +0000] [1] [INFO] Starting gunicorn 25.1.0
[2026-02-19 13:27:18 +0000] [1] [INFO] Listening at: http://0.0.0.0:5000 (1)
[2026-02-19 13:27:18 +0000] [1] [INFO] Using worker: sync
[2026-02-19 13:27:19 +0000] [8] [INFO] Booting worker with pid: 8
[2026-02-19 13:27:19 +0000] [1] [INFO] Control socket listening at /home/devops/app/gunicorn.ctl
[2026-02-19 14:35:53 +0000] [1] [INFO] Starting gunicorn 25.1.0
[2026-02-19 14:35:53 +0000] [1] [INFO] Listening at: http://0.0.0.0:5000 (1)
[2026-02-19 14:35:53 +0000] [1] [INFO] Using worker: sync
[2026-02-19 14:35:53 +0000] [1] [INFO] Control socket listening at /home/devops/app/gunicorn.ctl
[2026-02-19 14:35:53 +0000] [8] [INFO] Booting worker with pid: 8
[2026-02-19 14:36:46 +0000] [1] [INFO] Handling signal: term
[2026-02-19 14:36:46 +0000] [8] [INFO] Worker exiting (pid: 8)
[2026-02-19 14:36:46 +0000] [1] [INFO] Shutting down: Master
[2026-02-19 14:36:59 +0000] [1] [INFO] Starting gunicorn 25.1.0
[2026-02-19 14:36:59 +0000] [1] [INFO] Listening at: http://0.0.0.0:5000 (1)
[2026-02-19 14:36:59 +0000] [1] [INFO] Using worker: sync
[2026-02-19 14:36:59 +0000] [8] [INFO] Booting worker with pid: 8
[2026-02-19 14:36:59 +0000] [1] [INFO] Control socket listening at /home/devops/app/gunicorn.ctl
